
> blog-platform@0.1.0 build
> next build --turbopack

node.exe :  ΓÜá Warning: Next.js inferred your workspace root, but it may not be 
correct.
At C:\Users\BIT\AppData\Roaming\npm\npm.ps1:24 char:5
+     & "node$exe"  "$basedir/node_modules/npm/bin/npm-cli.js" $args
+     ~~~~~~~~~~~~~~~~~~~~~~~~~~~~~~~~~~~~~~~~~~~~~~~~~~~~~~~~~~~~~~
    + CategoryInfo          : NotSpecified: ( ΓÜá Warning: N...not be correct.:String)  
   [], RemoteException
    + FullyQualifiedErrorId : NativeCommandError
 
 We detected multiple lockfiles and selected the directory of C:\Users\BIT\yarn.lock as 
the root directory.
 To silence this warning, set `turbopack.root` in your Next.js config, or consider 
removing one of the lockfiles if it's not needed.
   See https://nextjs.org/docs/app/api-reference/config/next-config-js/turbopack#root-di
rectory for more information.
 Detected additional lockfiles: 
   * C:\Users\BIT\Desktop\Blogging Plateform\blog-platform\package-lock.json

   Γû▓ Next.js 15.5.6 (Turbopack)
   - Environments: .env.production.local, .env.local, .env

   Creating an optimized production build ...
 Γ£ô Finished writing to disk in 178ms
 Γ£ô Compiled successfully in 11.6s
   Linting and checking validity of types ...

./src/lib/db/index.ts
27:3  Warning: Unused eslint-disable directive (no problems were reported from 'no-var').
29:3  Warning: Unused eslint-disable directive (no problems were reported from 'no-var').

info  - Need to disable some ESLint rules? Learn more here: https://nextjs.org/docs/app/api-reference/config/eslint#disabling-rules
Failed to compile.

./src/lib/auth-utils.ts:39:10
Type error: No overload matches this call.
  Overload 1 of 5, '(payload: string | object | Buffer<ArrayBufferLike>, 
secretOrPrivateKey: null, options?: (SignOptions & { algorithm: "none"; }) | 
undefined): string', gave the following error.
    Argument of type 'string' is not assignable to parameter of type 'null'.
  Overload 2 of 5, '(payload: string | object | Buffer<ArrayBufferLike>, 
secretOrPrivateKey: Buffer<ArrayBufferLike> | Secret | PrivateKeyInput | 
JsonWebKeyInput, options?: SignOptions | undefined): string', gave the following error.
    Type 'string' is not assignable to type 'number | StringValue | undefined'.
  Overload 3 of 5, '(payload: string | object | Buffer<ArrayBufferLike>, 
secretOrPrivateKey: Buffer<ArrayBufferLike> | Secret | PrivateKeyInput | 
JsonWebKeyInput, callback: SignCallback): void', gave the following error.
    Object literal may only specify known properties, and 'expiresIn' does not exist in 
type 'SignCallback'.

[0m [90m 37 |[39m   }[33m;[39m
 [90m 38 |[39m
[31m[1m>[22m[39m[90m 39 |[39m   [36mreturn[39m sign(payload[33m,[39m 
[33mJWT_SECRET[39m[33m,[39m {
 [90m    |[39m          [31m[1m^[22m[39m
 [90m 40 |[39m     expiresIn[33m:[39m [33mTOKEN_EXPIRATION[39m[33m,[39m
 [90m 41 |[39m   })[33m;[39m
 [90m 42 |[39m }[0m
Next.js build worker exited with code: 1 and signal: null
